---
source: crates/unblock-engine/tests/error_contract.rs
expression: contract_rows()
---
[
  [
    "Storage::IssueNotFound",
    "ISSUE_NOT_FOUND",
    3,
    false
  ],
  [
    "Storage::AlreadyClaimed",
    "ALREADY_CLAIMED",
    3,
    true
  ],
  [
    "Storage::CycleDetected",
    "CYCLE_DETECTED",
    5,
    false
  ],
  [
    "Storage::IntegrityFailed",
    "DATABASE_ERROR",
    2,
    false
  ],
  [
    "Storage::SchemaMismatch",
    "SCHEMA_MISMATCH",
    2,
    false
  ],
  [
    "Policy::Internal",
    "INTERNAL_ERROR",
    1,
    false
  ],
  [
    "Model::ValidationFailed",
    "VALIDATION_FAILED",
    4,
    true
  ],
  [
    "Model::InvalidPriority",
    "INVALID_PRIORITY",
    4,
    true
  ],
  [
    "WorkspaceNotOpen",
    "NOT_INITIALIZED",
    2,
    false
  ],
  [
    "ShutdownInProgress",
    "INTERNAL_ERROR",
    1,
    false
  ],
  [
    "WritePermitPoisoned",
    "INTERNAL_ERROR",
    1,
    false
  ],
  [
    "FeatureNotWired(sync)",
    "INTERNAL_ERROR",
    1,
    false
  ],
  [
    "FeatureNotWired(health)",
    "INTERNAL_ERROR",
    1,
    false
  ]
]
