---
source: crates/unblock-error/tests/exit_code_table.rs
expression: table
---
[
  [
    "DATABASE_NOT_FOUND",
    2,
    false,
    "none"
  ],
  [
    "DATABASE_LOCKED",
    2,
    true,
    "none"
  ],
  [
    "SCHEMA_MISMATCH",
    2,
    false,
    "none"
  ],
  [
    "DATABASE_ERROR",
    2,
    false,
    "none"
  ],
  [
    "NOT_INITIALIZED",
    2,
    false,
    "none"
  ],
  [
    "ALREADY_INITIALIZED",
    2,
    false,
    "none"
  ],
  [
    "ISSUE_NOT_FOUND",
    3,
    false,
    "similar_ids"
  ],
  [
    "AMBIGUOUS_ID",
    3,
    true,
    "none"
  ],
  [
    "ID_COLLISION",
    3,
    false,
    "none"
  ],
  [
    "INVALID_ID",
    3,
    false,
    "none"
  ],
  [
    "NOTHING_TO_DO",
    3,
    false,
    "none"
  ],
  [
    "ALREADY_CLAIMED",
    3,
    true,
    "none"
  ],
  [
    "VALIDATION_FAILED",
    4,
    true,
    "contextual_text"
  ],
  [
    "INVALID_STATUS",
    4,
    true,
    "static_text"
  ],
  [
    "INVALID_TYPE",
    4,
    true,
    "static_text"
  ],
  [
    "INVALID_PRIORITY",
    4,
    true,
    "static_text"
  ],
  [
    "REQUIRED_FIELD",
    4,
    true,
    "none"
  ],
  [
    "POLICY_VIOLATION",
    4,
    false,
    "none"
  ],
  [
    "CYCLE_DETECTED",
    5,
    false,
    "none"
  ],
  [
    "DEPENDENCY_NOT_FOUND",
    5,
    false,
    "none"
  ],
  [
    "HAS_DEPENDENTS",
    5,
    false,
    "none"
  ],
  [
    "SELF_DEPENDENCY",
    5,
    false,
    "none"
  ],
  [
    "DUPLICATE_DEPENDENCY",
    5,
    false,
    "none"
  ],
  [
    "JSONL_PARSE_ERROR",
    6,
    false,
    "none"
  ],
  [
    "PREFIX_MISMATCH",
    6,
    false,
    "none"
  ],
  [
    "IMPORT_COLLISION",
    6,
    false,
    "none"
  ],
  [
    "SYNC_CONFLICT",
    6,
    false,
    "none"
  ],
  [
    "CONFLICT_MARKERS",
    6,
    false,
    "none"
  ],
  [
    "PATH_TRAVERSAL",
    6,
    false,
    "none"
  ],
  [
    "CONFIG_ERROR",
    7,
    false,
    "none"
  ],
  [
    "CONFIG_NOT_FOUND",
    7,
    false,
    "none"
  ],
  [
    "CONFIG_PARSE_ERROR",
    7,
    false,
    "none"
  ],
  [
    "IO_ERROR",
    8,
    false,
    "none"
  ],
  [
    "JSON_ERROR",
    8,
    false,
    "none"
  ],
  [
    "INTERNAL_ERROR",
    1,
    false,
    "none"
  ]
]
