---
source: crates/unblock-storage/src/libsql/mod.rs
expression: columns
---
[
    "id",
    "content_hash",
    "title",
    "description",
    "design",
    "acceptance_criteria",
    "notes",
    "status",
    "priority",
    "issue_type",
    "assignee",
    "owner",
    "estimated_minutes",
    "created_at",
    "created_by",
    "updated_at",
    "closed_at",
    "close_reason",
    "closed_by_session",
    "due_at",
    "defer_until",
    "external_ref",
    "source_system",
    "source_repo",
    "deleted_at",
    "deleted_by",
    "delete_reason",
    "original_type",
    "compaction_level",
    "compacted_at",
    "compacted_at_commit",
    "original_size",
    "sender",
    "ephemeral",
    "pinned",
    "is_template",
    "source_repo_path",
    "agent_context",
]
