---
source: crates/unblock-render/tests/snapshots.rs
expression: "render(OutputFormat::Markdown, & opts, \"issues\")"
---
| id | title | status | priority | type |
| --- | --- | --- | --- | --- |
| ub\-abc123 | Render the docs | in\_progress | P2 | task |
| ub\-def456 | Pipes \| and, commas | open | P2 | task |
