---
source: crates/unblock-model/tests/schema_snapshots.rs
expression: json
---
{
  "$schema": "https://json-schema.org/draft/2020-12/schema",
  "title": "Priority",
  "description": "Issue priority (spine §1.2): a transparent newtype over `i32`, valid range `0..=4`.\n\nOrdering is numeric, so `CRITICAL < HIGH < MEDIUM < LOW < BACKLOG` — this is the order the\nhybrid ready-sort relies on. `Default` is [`Priority::MEDIUM`]. The wire form is the bare\ninteger (`#[serde(transparent)]`), and `Display` renders `\"P{n}\"`.\n\n# Examples\n\n```\nuse unblock_model::Priority;\nuse std::str::FromStr;\n\nassert_eq!(Priority::default(), Priority::MEDIUM);\nassert_eq!(Priority::CRITICAL.to_string(), \"P0\");\nassert_eq!(Priority::from_str(\"p1\").unwrap(), Priority::HIGH);\nassert!(Priority::from_str(\"P5\").is_err());\nassert!(Priority::CRITICAL < Priority::BACKLOG);\n```",
  "type": "integer",
  "format": "int32"
}
