---
source: crates/unblock-model/tests/schema_snapshots.rs
expression: json
---
{
  "$schema": "https://json-schema.org/draft/2020-12/schema",
  "title": "Comment",
  "description": "A comment on an issue (spine §1.7; v1 surface — D37). Flat: no threading (FORK-T).",
  "type": "object",
  "properties": {
    "author": {
      "description": "The comment author (= the session actor at the MCP surface, FORK-M1b).",
      "type": "string"
    },
    "created_at": {
      "description": "Creation timestamp.",
      "type": "string",
      "format": "date-time"
    },
    "id": {
      "description": "Stable comment id.",
      "type": "integer",
      "format": "int64"
    },
    "issue_id": {
      "description": "The issue this comment belongs to.",
      "type": "string"
    },
    "redacted_at": {
      "description": "Soft-redact marker (D37/D-E): `None` = live; `Some` = redacted.\n\nThe PRESENCE is the \"is redacted\" flag (mirroring the tombstone `deleted_at`); on redact the\nrow is KEPT and `body` is masked to `\"\"`. The `CommentRedacted` audit event retains the\noriginal body (provenance — FORK-redact-wire).",
      "type": [
        "string",
        "null"
      ],
      "format": "date-time"
    },
    "text": {
      "description": "The comment body (serialized under `\"text\"`); masked to `\"\"` on redact.",
      "type": "string"
    },
    "updated_at": {
      "description": "Provenance-preserving edit instant (D37/D-D): `None` = never edited; `Some` = last edit.\n\n`add`'s own INSERT is create-time-only — see spine §3.2.1 MUST-1 SCOPE.",
      "type": [
        "string",
        "null"
      ],
      "format": "date-time"
    }
  },
  "required": [
    "id",
    "issue_id",
    "author",
    "text",
    "created_at"
  ]
}
